MemTotal:        1016480 kB
MemFree:          207252 kB
MemAvailable:     750968 kB
Buffers:              76 kB
Cached:           651020 kB
SwapCached:            4 kB
Active:           337504 kB
Inactive:         364252 kB
Active(anon):      16336 kB
Inactive(anon):    41288 kB
Active(file):     321168 kB
Inactive(file):   322964 kB
Unevictable:           0 kB
Mlocked:               0 kB
SwapTotal:       1048572 kB
SwapFree:        1048568 kB
Dirty:                 0 kB
Writeback:             0 kB
AnonPages:         50724 kB
Mapped:            22440 kB
Shmem:              6964 kB
Slab:              69132 kB
SReclaimable:      54744 kB
SUnreclaim:        14388 kB
KernelStack:        1696 kB
PageTables:         3432 kB
NFS_Unstable:          0 kB
Bounce:                0 kB
WritebackTmp:          0 kB
CommitLimit:     1556812 kB
Committed_AS:     272820 kB
VmallocTotal:   34359738367 kB
VmallocUsed:        9768 kB
VmallocChunk:   34359721980 kB
HardwareCorrupted:     0 kB
AnonHugePages:      8192 kB
HugePages_Total:       0
HugePages_Free:        0
HugePages_Rsvd:        0
HugePages_Surp:        0
Hugepagesize:       2048 kB
DirectMap4k:       44992 kB
DirectMap2M:     1003520 kB
